<testsuites id="" name="" tests="105" failures="0" skipped="105" errors="0" time="0.06277300000000002">
<testsuite name="auth.e2e.test.ts" timestamp="2025-09-13T00:16:17.174Z" hostname="chromium" tests="21" failures="0" skipped="21" time="0" errors="0">
<testcase name="Authentication E2E Tests › User Registration Flow › should complete full registration process" classname="auth.e2e.test.ts" time="0">
<skipped>
</skipped>
</testcase>
<testcase name="Authentication E2E Tests › User Registration Flow › should show validation errors for invalid input" classname="auth.e2e.test.ts" time="0">
<skipped>
</skipped>
</testcase>
<testcase name="Authentication E2E Tests › User Registration Flow › should prevent duplicate email registration" classname="auth.e2e.test.ts" time="0">
<skipped>
</skipped>
</testcase>
<testcase name="Authentication E2E Tests › User Registration Flow › should validate password confirmation" classname="auth.e2e.test.ts" time="0">
<skipped>
</skipped>
</testcase>
<testcase name="Authentication E2E Tests › User Login Flow › should login with valid credentials" classname="auth.e2e.test.ts" time="0">
<skipped>
</skipped>
</testcase>
<testcase name="Authentication E2E Tests › User Login Flow › should show error for invalid credentials" classname="auth.e2e.test.ts" time="0">
<skipped>
</skipped>
</testcase>
<testcase name="Authentication E2E Tests › User Login Flow › should handle &quot;Remember Me&quot; functionality" classname="auth.e2e.test.ts" time="0">
<skipped>
</skipped>
</testcase>
<testcase name="Authentication E2E Tests › User Login Flow › should redirect to login for protected routes" classname="auth.e2e.test.ts" time="0">
<skipped>
</skipped>
</testcase>
<testcase name="Authentication E2E Tests › Logout Flow › should logout successfully" classname="auth.e2e.test.ts" time="0">
<skipped>
</skipped>
</testcase>
<testcase name="Authentication E2E Tests › Logout Flow › should clear session data on logout" classname="auth.e2e.test.ts" time="0">
<skipped>
</skipped>
</testcase>
<testcase name="Authentication E2E Tests › Password Reset Flow › should complete password reset process" classname="auth.e2e.test.ts" time="0">
<skipped>
</skipped>
</testcase>
<testcase name="Authentication E2E Tests › Password Reset Flow › should validate new password strength" classname="auth.e2e.test.ts" time="0">
<skipped>
</skipped>
</testcase>
<testcase name="Authentication E2E Tests › Password Reset Flow › should handle expired reset token" classname="auth.e2e.test.ts" time="0">
<skipped>
</skipped>
</testcase>
<testcase name="Authentication E2E Tests › Session Management › should maintain session across page refreshes" classname="auth.e2e.test.ts" time="0">
<skipped>
</skipped>
</testcase>
<testcase name="Authentication E2E Tests › Session Management › should handle session timeout" classname="auth.e2e.test.ts" time="0">
<skipped>
</skipped>
</testcase>
<testcase name="Authentication E2E Tests › Security Tests › should prevent XSS in user input" classname="auth.e2e.test.ts" time="0">
<skipped>
</skipped>
</testcase>
<testcase name="Authentication E2E Tests › Security Tests › should enforce HTTPS in production" classname="auth.e2e.test.ts" time="0">
<skipped>
</skipped>
</testcase>
<testcase name="Authentication E2E Tests › Security Tests › should implement CSRF protection" classname="auth.e2e.test.ts" time="0">
<skipped>
</skipped>
</testcase>
<testcase name="Authentication E2E Tests › Accessibility Tests › should support keyboard navigation" classname="auth.e2e.test.ts" time="0">
<skipped>
</skipped>
</testcase>
<testcase name="Authentication E2E Tests › Accessibility Tests › should have proper ARIA labels" classname="auth.e2e.test.ts" time="0">
<skipped>
</skipped>
</testcase>
<testcase name="Authentication E2E Tests › Accessibility Tests › should announce validation errors to screen readers" classname="auth.e2e.test.ts" time="0">
<skipped>
</skipped>
</testcase>
</testsuite>
<testsuite name="auth.e2e.test.ts" timestamp="2025-09-13T00:16:17.174Z" hostname="firefox" tests="21" failures="0" skipped="21" time="0" errors="0">
<testcase name="Authentication E2E Tests › User Registration Flow › should complete full registration process" classname="auth.e2e.test.ts" time="0">
<skipped>
</skipped>
</testcase>
<testcase name="Authentication E2E Tests › User Registration Flow › should show validation errors for invalid input" classname="auth.e2e.test.ts" time="0">
<skipped>
</skipped>
</testcase>
<testcase name="Authentication E2E Tests › User Registration Flow › should prevent duplicate email registration" classname="auth.e2e.test.ts" time="0">
<skipped>
</skipped>
</testcase>
<testcase name="Authentication E2E Tests › User Registration Flow › should validate password confirmation" classname="auth.e2e.test.ts" time="0">
<skipped>
</skipped>
</testcase>
<testcase name="Authentication E2E Tests › User Login Flow › should login with valid credentials" classname="auth.e2e.test.ts" time="0">
<skipped>
</skipped>
</testcase>
<testcase name="Authentication E2E Tests › User Login Flow › should show error for invalid credentials" classname="auth.e2e.test.ts" time="0">
<skipped>
</skipped>
</testcase>
<testcase name="Authentication E2E Tests › User Login Flow › should handle &quot;Remember Me&quot; functionality" classname="auth.e2e.test.ts" time="0">
<skipped>
</skipped>
</testcase>
<testcase name="Authentication E2E Tests › User Login Flow › should redirect to login for protected routes" classname="auth.e2e.test.ts" time="0">
<skipped>
</skipped>
</testcase>
<testcase name="Authentication E2E Tests › Logout Flow › should logout successfully" classname="auth.e2e.test.ts" time="0">
<skipped>
</skipped>
</testcase>
<testcase name="Authentication E2E Tests › Logout Flow › should clear session data on logout" classname="auth.e2e.test.ts" time="0">
<skipped>
</skipped>
</testcase>
<testcase name="Authentication E2E Tests › Password Reset Flow › should complete password reset process" classname="auth.e2e.test.ts" time="0">
<skipped>
</skipped>
</testcase>
<testcase name="Authentication E2E Tests › Password Reset Flow › should validate new password strength" classname="auth.e2e.test.ts" time="0">
<skipped>
</skipped>
</testcase>
<testcase name="Authentication E2E Tests › Password Reset Flow › should handle expired reset token" classname="auth.e2e.test.ts" time="0">
<skipped>
</skipped>
</testcase>
<testcase name="Authentication E2E Tests › Session Management › should maintain session across page refreshes" classname="auth.e2e.test.ts" time="0">
<skipped>
</skipped>
</testcase>
<testcase name="Authentication E2E Tests › Session Management › should handle session timeout" classname="auth.e2e.test.ts" time="0">
<skipped>
</skipped>
</testcase>
<testcase name="Authentication E2E Tests › Security Tests › should prevent XSS in user input" classname="auth.e2e.test.ts" time="0">
<skipped>
</skipped>
</testcase>
<testcase name="Authentication E2E Tests › Security Tests › should enforce HTTPS in production" classname="auth.e2e.test.ts" time="0">
<skipped>
</skipped>
</testcase>
<testcase name="Authentication E2E Tests › Security Tests › should implement CSRF protection" classname="auth.e2e.test.ts" time="0">
<skipped>
</skipped>
</testcase>
<testcase name="Authentication E2E Tests › Accessibility Tests › should support keyboard navigation" classname="auth.e2e.test.ts" time="0">
<skipped>
</skipped>
</testcase>
<testcase name="Authentication E2E Tests › Accessibility Tests › should have proper ARIA labels" classname="auth.e2e.test.ts" time="0">
<skipped>
</skipped>
</testcase>
<testcase name="Authentication E2E Tests › Accessibility Tests › should announce validation errors to screen readers" classname="auth.e2e.test.ts" time="0">
<skipped>
</skipped>
</testcase>
</testsuite>
<testsuite name="auth.e2e.test.ts" timestamp="2025-09-13T00:16:17.174Z" hostname="webkit" tests="21" failures="0" skipped="21" time="0" errors="0">
<testcase name="Authentication E2E Tests › User Registration Flow › should complete full registration process" classname="auth.e2e.test.ts" time="0">
<skipped>
</skipped>
</testcase>
<testcase name="Authentication E2E Tests › User Registration Flow › should show validation errors for invalid input" classname="auth.e2e.test.ts" time="0">
<skipped>
</skipped>
</testcase>
<testcase name="Authentication E2E Tests › User Registration Flow › should prevent duplicate email registration" classname="auth.e2e.test.ts" time="0">
<skipped>
</skipped>
</testcase>
<testcase name="Authentication E2E Tests › User Registration Flow › should validate password confirmation" classname="auth.e2e.test.ts" time="0">
<skipped>
</skipped>
</testcase>
<testcase name="Authentication E2E Tests › User Login Flow › should login with valid credentials" classname="auth.e2e.test.ts" time="0">
<skipped>
</skipped>
</testcase>
<testcase name="Authentication E2E Tests › User Login Flow › should show error for invalid credentials" classname="auth.e2e.test.ts" time="0">
<skipped>
</skipped>
</testcase>
<testcase name="Authentication E2E Tests › User Login Flow › should handle &quot;Remember Me&quot; functionality" classname="auth.e2e.test.ts" time="0">
<skipped>
</skipped>
</testcase>
<testcase name="Authentication E2E Tests › User Login Flow › should redirect to login for protected routes" classname="auth.e2e.test.ts" time="0">
<skipped>
</skipped>
</testcase>
<testcase name="Authentication E2E Tests › Logout Flow › should logout successfully" classname="auth.e2e.test.ts" time="0">
<skipped>
</skipped>
</testcase>
<testcase name="Authentication E2E Tests › Logout Flow › should clear session data on logout" classname="auth.e2e.test.ts" time="0">
<skipped>
</skipped>
</testcase>
<testcase name="Authentication E2E Tests › Password Reset Flow › should complete password reset process" classname="auth.e2e.test.ts" time="0">
<skipped>
</skipped>
</testcase>
<testcase name="Authentication E2E Tests › Password Reset Flow › should validate new password strength" classname="auth.e2e.test.ts" time="0">
<skipped>
</skipped>
</testcase>
<testcase name="Authentication E2E Tests › Password Reset Flow › should handle expired reset token" classname="auth.e2e.test.ts" time="0">
<skipped>
</skipped>
</testcase>
<testcase name="Authentication E2E Tests › Session Management › should maintain session across page refreshes" classname="auth.e2e.test.ts" time="0">
<skipped>
</skipped>
</testcase>
<testcase name="Authentication E2E Tests › Session Management › should handle session timeout" classname="auth.e2e.test.ts" time="0">
<skipped>
</skipped>
</testcase>
<testcase name="Authentication E2E Tests › Security Tests › should prevent XSS in user input" classname="auth.e2e.test.ts" time="0">
<skipped>
</skipped>
</testcase>
<testcase name="Authentication E2E Tests › Security Tests › should enforce HTTPS in production" classname="auth.e2e.test.ts" time="0">
<skipped>
</skipped>
</testcase>
<testcase name="Authentication E2E Tests › Security Tests › should implement CSRF protection" classname="auth.e2e.test.ts" time="0">
<skipped>
</skipped>
</testcase>
<testcase name="Authentication E2E Tests › Accessibility Tests › should support keyboard navigation" classname="auth.e2e.test.ts" time="0">
<skipped>
</skipped>
</testcase>
<testcase name="Authentication E2E Tests › Accessibility Tests › should have proper ARIA labels" classname="auth.e2e.test.ts" time="0">
<skipped>
</skipped>
</testcase>
<testcase name="Authentication E2E Tests › Accessibility Tests › should announce validation errors to screen readers" classname="auth.e2e.test.ts" time="0">
<skipped>
</skipped>
</testcase>
</testsuite>
<testsuite name="auth.e2e.test.ts" timestamp="2025-09-13T00:16:17.174Z" hostname="Mobile Chrome" tests="21" failures="0" skipped="21" time="0" errors="0">
<testcase name="Authentication E2E Tests › User Registration Flow › should complete full registration process" classname="auth.e2e.test.ts" time="0">
<skipped>
</skipped>
</testcase>
<testcase name="Authentication E2E Tests › User Registration Flow › should show validation errors for invalid input" classname="auth.e2e.test.ts" time="0">
<skipped>
</skipped>
</testcase>
<testcase name="Authentication E2E Tests › User Registration Flow › should prevent duplicate email registration" classname="auth.e2e.test.ts" time="0">
<skipped>
</skipped>
</testcase>
<testcase name="Authentication E2E Tests › User Registration Flow › should validate password confirmation" classname="auth.e2e.test.ts" time="0">
<skipped>
</skipped>
</testcase>
<testcase name="Authentication E2E Tests › User Login Flow › should login with valid credentials" classname="auth.e2e.test.ts" time="0">
<skipped>
</skipped>
</testcase>
<testcase name="Authentication E2E Tests › User Login Flow › should show error for invalid credentials" classname="auth.e2e.test.ts" time="0">
<skipped>
</skipped>
</testcase>
<testcase name="Authentication E2E Tests › User Login Flow › should handle &quot;Remember Me&quot; functionality" classname="auth.e2e.test.ts" time="0">
<skipped>
</skipped>
</testcase>
<testcase name="Authentication E2E Tests › User Login Flow › should redirect to login for protected routes" classname="auth.e2e.test.ts" time="0">
<skipped>
</skipped>
</testcase>
<testcase name="Authentication E2E Tests › Logout Flow › should logout successfully" classname="auth.e2e.test.ts" time="0">
<skipped>
</skipped>
</testcase>
<testcase name="Authentication E2E Tests › Logout Flow › should clear session data on logout" classname="auth.e2e.test.ts" time="0">
<skipped>
</skipped>
</testcase>
<testcase name="Authentication E2E Tests › Password Reset Flow › should complete password reset process" classname="auth.e2e.test.ts" time="0">
<skipped>
</skipped>
</testcase>
<testcase name="Authentication E2E Tests › Password Reset Flow › should validate new password strength" classname="auth.e2e.test.ts" time="0">
<skipped>
</skipped>
</testcase>
<testcase name="Authentication E2E Tests › Password Reset Flow › should handle expired reset token" classname="auth.e2e.test.ts" time="0">
<skipped>
</skipped>
</testcase>
<testcase name="Authentication E2E Tests › Session Management › should maintain session across page refreshes" classname="auth.e2e.test.ts" time="0">
<skipped>
</skipped>
</testcase>
<testcase name="Authentication E2E Tests › Session Management › should handle session timeout" classname="auth.e2e.test.ts" time="0">
<skipped>
</skipped>
</testcase>
<testcase name="Authentication E2E Tests › Security Tests › should prevent XSS in user input" classname="auth.e2e.test.ts" time="0">
<skipped>
</skipped>
</testcase>
<testcase name="Authentication E2E Tests › Security Tests › should enforce HTTPS in production" classname="auth.e2e.test.ts" time="0">
<skipped>
</skipped>
</testcase>
<testcase name="Authentication E2E Tests › Security Tests › should implement CSRF protection" classname="auth.e2e.test.ts" time="0">
<skipped>
</skipped>
</testcase>
<testcase name="Authentication E2E Tests › Accessibility Tests › should support keyboard navigation" classname="auth.e2e.test.ts" time="0">
<skipped>
</skipped>
</testcase>
<testcase name="Authentication E2E Tests › Accessibility Tests › should have proper ARIA labels" classname="auth.e2e.test.ts" time="0">
<skipped>
</skipped>
</testcase>
<testcase name="Authentication E2E Tests › Accessibility Tests › should announce validation errors to screen readers" classname="auth.e2e.test.ts" time="0">
<skipped>
</skipped>
</testcase>
</testsuite>
<testsuite name="auth.e2e.test.ts" timestamp="2025-09-13T00:16:17.174Z" hostname="Mobile Safari" tests="21" failures="0" skipped="21" time="0" errors="0">
<testcase name="Authentication E2E Tests › User Registration Flow › should complete full registration process" classname="auth.e2e.test.ts" time="0">
<skipped>
</skipped>
</testcase>
<testcase name="Authentication E2E Tests › User Registration Flow › should show validation errors for invalid input" classname="auth.e2e.test.ts" time="0">
<skipped>
</skipped>
</testcase>
<testcase name="Authentication E2E Tests › User Registration Flow › should prevent duplicate email registration" classname="auth.e2e.test.ts" time="0">
<skipped>
</skipped>
</testcase>
<testcase name="Authentication E2E Tests › User Registration Flow › should validate password confirmation" classname="auth.e2e.test.ts" time="0">
<skipped>
</skipped>
</testcase>
<testcase name="Authentication E2E Tests › User Login Flow › should login with valid credentials" classname="auth.e2e.test.ts" time="0">
<skipped>
</skipped>
</testcase>
<testcase name="Authentication E2E Tests › User Login Flow › should show error for invalid credentials" classname="auth.e2e.test.ts" time="0">
<skipped>
</skipped>
</testcase>
<testcase name="Authentication E2E Tests › User Login Flow › should handle &quot;Remember Me&quot; functionality" classname="auth.e2e.test.ts" time="0">
<skipped>
</skipped>
</testcase>
<testcase name="Authentication E2E Tests › User Login Flow › should redirect to login for protected routes" classname="auth.e2e.test.ts" time="0">
<skipped>
</skipped>
</testcase>
<testcase name="Authentication E2E Tests › Logout Flow › should logout successfully" classname="auth.e2e.test.ts" time="0">
<skipped>
</skipped>
</testcase>
<testcase name="Authentication E2E Tests › Logout Flow › should clear session data on logout" classname="auth.e2e.test.ts" time="0">
<skipped>
</skipped>
</testcase>
<testcase name="Authentication E2E Tests › Password Reset Flow › should complete password reset process" classname="auth.e2e.test.ts" time="0">
<skipped>
</skipped>
</testcase>
<testcase name="Authentication E2E Tests › Password Reset Flow › should validate new password strength" classname="auth.e2e.test.ts" time="0">
<skipped>
</skipped>
</testcase>
<testcase name="Authentication E2E Tests › Password Reset Flow › should handle expired reset token" classname="auth.e2e.test.ts" time="0">
<skipped>
</skipped>
</testcase>
<testcase name="Authentication E2E Tests › Session Management › should maintain session across page refreshes" classname="auth.e2e.test.ts" time="0">
<skipped>
</skipped>
</testcase>
<testcase name="Authentication E2E Tests › Session Management › should handle session timeout" classname="auth.e2e.test.ts" time="0">
<skipped>
</skipped>
</testcase>
<testcase name="Authentication E2E Tests › Security Tests › should prevent XSS in user input" classname="auth.e2e.test.ts" time="0">
<skipped>
</skipped>
</testcase>
<testcase name="Authentication E2E Tests › Security Tests › should enforce HTTPS in production" classname="auth.e2e.test.ts" time="0">
<skipped>
</skipped>
</testcase>
<testcase name="Authentication E2E Tests › Security Tests › should implement CSRF protection" classname="auth.e2e.test.ts" time="0">
<skipped>
</skipped>
</testcase>
<testcase name="Authentication E2E Tests › Accessibility Tests › should support keyboard navigation" classname="auth.e2e.test.ts" time="0">
<skipped>
</skipped>
</testcase>
<testcase name="Authentication E2E Tests › Accessibility Tests › should have proper ARIA labels" classname="auth.e2e.test.ts" time="0">
<skipped>
</skipped>
</testcase>
<testcase name="Authentication E2E Tests › Accessibility Tests › should announce validation errors to screen readers" classname="auth.e2e.test.ts" time="0">
<skipped>
</skipped>
</testcase>
</testsuite>
</testsuites>